---
- council_reference: DA/1/2021
  address: 20 Junction Road, BAULKHAM HILLS NSW 2153
  description: 'Stage 1: Demolition, tree removal, construction of an attached dual
    occupancy and Torrens title subdivision. Stage 2: Construction of detached secondary
    dwelling'
  info_url: https://onlineservices.parracity.nsw.gov.au/ePathway/Prod/Web/GeneralEnquiry/EnquiryLists.aspx?ModuleCode=LAP
  date_scraped: '2019-05-15'
  date_received: '2021-01-01'
- council_reference: DA/10/2021
  address: 1 Wyoming Avenue, OATLANDS NSW 2117
  description: Demolition of existing structures, tree removal, construction of a
    new dwelling with basement, front fence, cabana and inground swimming pool.
  info_url: https://onlineservices.parracity.nsw.gov.au/ePathway/Prod/Web/GeneralEnquiry/EnquiryLists.aspx?ModuleCode=LAP
  date_scraped: '2019-05-15'
  date_received: '2021-01-08'
- council_reference: DA/11/2021
  address: 17 Boronia Avenue, EPPING NSW 2121
  description: Alterations to the existing single dwelling and construction of a secondary
    dwelling.
  info_url: https://onlineservices.parracity.nsw.gov.au/ePathway/Prod/Web/GeneralEnquiry/EnquiryLists.aspx?ModuleCode=LAP
  date_scraped: '2019-05-15'
  date_received: '2021-01-08'
- council_reference: DA/12/2021
  address: 2 Lynden Avenue, CARLINGFORD NSW 2118
  description: Demolition of the existing dwelling and construction of an attached
    dual occupancy development.
  info_url: https://onlineservices.parracity.nsw.gov.au/ePathway/Prod/Web/GeneralEnquiry/EnquiryLists.aspx?ModuleCode=LAP
  date_scraped: '2019-05-15'
  date_received: '2021-01-08'
- council_reference: DA/13/2021
  address: 48 Norfolk Road, EPPING NSW 2121
  description: Demolition of the existing detached garage and carport, alterations
    and additions to the existing dwelling house and Torrens Title Subdivision of
    one lot into two lots.
  info_url: https://onlineservices.parracity.nsw.gov.au/ePathway/Prod/Web/GeneralEnquiry/EnquiryLists.aspx?ModuleCode=LAP
  date_scraped: '2019-05-15'
  date_received: '2021-01-08'
- council_reference: DA/14/2021
  address: 12 Alexander Street, DUNDAS VALLEY NSW 2117
  description: Demolition of existing structures, tree removal, construction of an
    attached dual occupancy, front fence, and retaining walls with associated Torrens
    Title subdivision.
  info_url: https://onlineservices.parracity.nsw.gov.au/ePathway/Prod/Web/GeneralEnquiry/EnquiryLists.aspx?ModuleCode=LAP
  date_scraped: '2019-05-15'
  date_received: '2021-01-10'
- council_reference: DA/15/2021
  address: 2 Christina Street, RYDALMERE NSW 2116
  description: Demolition of existing structures, tree removal, and construction of
    a 2 storey attached dual occupancy development with Torrens Title subdivision
    into 2 lots.
  info_url: https://onlineservices.parracity.nsw.gov.au/ePathway/Prod/Web/GeneralEnquiry/EnquiryLists.aspx?ModuleCode=LAP
  date_scraped: '2019-05-15'
  date_received: '2021-01-10'
- council_reference: DA/16/2021
  address: 435 Wentworth Avenue, TOONGABBIE NSW 2146
  description: Demolition, tree removal  and construction of a multi-unit development
    comprising 8 townhouses with basement parking and strata subdivision pursuant
    to SEPP (Affordable Rental Housing) 2009. The application is Integrated Development
    under the Roads Act 1993.
  info_url: https://onlineservices.parracity.nsw.gov.au/ePathway/Prod/Web/GeneralEnquiry/EnquiryLists.aspx?ModuleCode=LAP
  date_scraped: '2019-05-15'
  date_received: '2021-01-11'
- council_reference: DA/17/2021
  address: 10A Grand Avenue, ROSEHILL NSW 2142
  description: Subdivision of Lot 101 DP 811924 to create a northern lot and southern
    lot with the southern lot to include access, creating a battle-axe lot.
  info_url: https://onlineservices.parracity.nsw.gov.au/ePathway/Prod/Web/GeneralEnquiry/EnquiryLists.aspx?ModuleCode=LAP
  date_scraped: '2019-05-15'
  date_received: '2021-01-11'
- council_reference: DA/179/2020/A
  address: 14 Parkes Street, HARRIS PARK NSW 2150
  description: Section 4.55(1A) Modification seeking to modify Conditions 13 and 137
    of the development consent.
  info_url: https://onlineservices.parracity.nsw.gov.au/ePathway/Prod/Web/GeneralEnquiry/EnquiryLists.aspx?ModuleCode=LAP
  date_scraped: '2019-05-15'
  date_received: '2021-01-05'
- council_reference: DA/2/2021
  address: 4 Sirius Street, DUNDAS VALLEY NSW 2117
  description: Demolition of the existing dwelling and construction of an attached
    dual occupancy with Torrens Title subdivision.
  info_url: https://onlineservices.parracity.nsw.gov.au/ePathway/Prod/Web/GeneralEnquiry/EnquiryLists.aspx?ModuleCode=LAP
  date_scraped: '2019-05-15'
  date_received: '2021-01-06'
- council_reference: DA/20/2021
  address: 8 Fariola Street, SILVERWATER NSW 2128
  description: Change of use of the existing warehouse facility to a technical training
    facility.
  info_url: https://onlineservices.parracity.nsw.gov.au/ePathway/Prod/Web/GeneralEnquiry/EnquiryLists.aspx?ModuleCode=LAP
  date_scraped: '2019-05-15'
  date_received: '2021-01-11'
- council_reference: DA/21/2021
  address: 26 Yarrabee Road, WINSTON HILLS NSW 2153
  description: Construction of a 1.6m high front fence with gates, and widening of
    the existing vehicle crossover.
  info_url: https://onlineservices.parracity.nsw.gov.au/ePathway/Prod/Web/GeneralEnquiry/EnquiryLists.aspx?ModuleCode=LAP
  date_scraped: '2019-05-15'
  date_received: '2021-01-11'
- council_reference: DA/22/2021
  address: 43 Prospect Street, ROSEHILL NSW 2142
  description: Alterations and additions to the existing dwelling house.
  info_url: https://onlineservices.parracity.nsw.gov.au/ePathway/Prod/Web/GeneralEnquiry/EnquiryLists.aspx?ModuleCode=LAP
  date_scraped: '2019-05-15'
  date_received: '2021-01-11'
- council_reference: DA/23/2021
  address: 11 Lincluden Place, OATLANDS NSW 2117
  description: Removal of 4 trees on a property with state heritage significance (Burnside
    Homes).
  info_url: https://onlineservices.parracity.nsw.gov.au/ePathway/Prod/Web/GeneralEnquiry/EnquiryLists.aspx?ModuleCode=LAP
  date_scraped: '2019-05-15'
  date_received: '2021-01-11'
- council_reference: DA/24/2021
  address: 97 Jenkins Road, CARLINGFORD NSW 2118
  description: Construction of a single storey detached secondary dwelling.
  info_url: https://onlineservices.parracity.nsw.gov.au/ePathway/Prod/Web/GeneralEnquiry/EnquiryLists.aspx?ModuleCode=LAP
  date_scraped: '2019-05-15'
  date_received: '2021-01-12'
- council_reference: DA/25/2021
  address: 57 Pine Street, RYDALMERE NSW 2116
  description: Construction of 2 Storey Dwelling.
  info_url: https://onlineservices.parracity.nsw.gov.au/ePathway/Prod/Web/GeneralEnquiry/EnquiryLists.aspx?ModuleCode=LAP
  date_scraped: '2019-05-15'
  date_received: '2021-01-12'
- council_reference: DA/26/2021
  address: 10 Darcy Street, PARRAMATTA NSW 2150
  description: Change of use of a portion of the 6 Parramatta Square upper ground
    floor from 'lobby' to 'licenced restaurant or cafe'. This application includes
    a maximum capacity of 177 persons and will operate from 7am to 10pm.
  info_url: https://onlineservices.parracity.nsw.gov.au/ePathway/Prod/Web/GeneralEnquiry/EnquiryLists.aspx?ModuleCode=LAP
  date_scraped: '2019-05-15'
  date_received: '2021-01-12'
- council_reference: DA/27/2021
  address: 61 Arthur Street, ROSEHILL NSW 2142
  description: Demolition of existing garage and construction of a secondary dwelling.
  info_url: https://onlineservices.parracity.nsw.gov.au/ePathway/Prod/Web/GeneralEnquiry/EnquiryLists.aspx?ModuleCode=LAP
  date_scraped: '2019-05-15'
  date_received: '2021-01-12'
- council_reference: DA/28/2021
  address: 98 Kleins Road, NORTHMEAD NSW 2152
  description: Demolition of ancillary structures, alterations and additions to existing
    dwelling.
  info_url: https://onlineservices.parracity.nsw.gov.au/ePathway/Prod/Web/GeneralEnquiry/EnquiryLists.aspx?ModuleCode=LAP
  date_scraped: '2019-05-15'
  date_received: '2021-01-12'
- council_reference: DA/29/2021
  address: 31 Neptune Street, DUNDAS VALLEY NSW 2117
  description: Demolition of existing structures, construction of an attached dual
    occupancy with basement parking, front boundary fence and Torrens Title subdivision.
  info_url: https://onlineservices.parracity.nsw.gov.au/ePathway/Prod/Web/GeneralEnquiry/EnquiryLists.aspx?ModuleCode=LAP
  date_scraped: '2019-05-15'
  date_received: '2021-01-13'
- council_reference: DA/292/2017/C
  address: 8 Melville Street, PARRAMATTA NSW 2150
  description: "Section 4.56 modification of the Land and Environment Court of NSW
    approved DA/292/2017 for: \na)\tDemolition of the existing dwelling house at 14
    Gould Place, Parramatta; Construction of a proposed basement (including transfer
    slab and services), access & demolition and construction works to Macarthur House
    and change of use from commercial use to residential use and approved tree removal;\nb)\tConsolidate
    four (4) lots (Lots 1-4 in Deposited Plan 228839) and subdivision into two (2)
    Stratum lots;\nc)\tConstruction of a dual occupancy on proposed Lot 2 of the Stratum
    subdivision;\nd)\tSubdivision of the dual occupancy into two (2) dwelling house
    lots and consequential transfer of access rights to the basement for the dwelling
    houses.\nThe modification includes various internal and external minor changes.
    \ 'Macarthur House' is a heritage item of State significance. The application
    is defined as Nominated Integrated Development under the Heritage Act 1977."
  info_url: https://onlineservices.parracity.nsw.gov.au/ePathway/Prod/Web/GeneralEnquiry/EnquiryLists.aspx?ModuleCode=LAP
  date_scraped: '2019-05-15'
  date_received: '2020-12-24'
- council_reference: DA/3/2021
  address: 83 Evans Road, DUNDAS VALLEY NSW 2117
  description: |-
    Change of use: change from residential dwellings to a 33-place pre-school under State Environment Planning Policy (Educational Establishment and Child Care Facilities) 2017.
    Note: this is a brand new application that does not seek approval for building or construction work.
  info_url: https://onlineservices.parracity.nsw.gov.au/ePathway/Prod/Web/GeneralEnquiry/EnquiryLists.aspx?ModuleCode=LAP
  date_scraped: '2019-05-15'
  date_received: '2021-01-06'
- council_reference: DA/30/2021
  address: 32 Burrabogee Road, PENDLE HILL NSW 2145
  description: Demolition of the existing structures and construction of a two storey
    48 place child care centre with basement car parking.
  info_url: https://onlineservices.parracity.nsw.gov.au/ePathway/Prod/Web/GeneralEnquiry/EnquiryLists.aspx?ModuleCode=LAP
  date_scraped: '2019-05-15'
  date_received: '2021-01-13'
- council_reference: DA/31/2021
  address: 44 Northam Drive, NORTH ROCKS NSW 2151
  description: Construction of a carport, pergola, driveway and associated landscape
    works.
  info_url: https://onlineservices.parracity.nsw.gov.au/ePathway/Prod/Web/GeneralEnquiry/EnquiryLists.aspx?ModuleCode=LAP
  date_scraped: '2019-05-15'
  date_received: '2021-01-13'
- council_reference: DA/33/2021
  address: 6 Uhrig Road, LIDCOMBE NSW 2141
  description: Construction of three basement slabs.
  info_url: https://onlineservices.parracity.nsw.gov.au/ePathway/Prod/Web/GeneralEnquiry/EnquiryLists.aspx?ModuleCode=LAP
  date_scraped: '2019-05-15'
  date_received: '2021-01-15'
- council_reference: DA/34/2021
  address: 6 Uhrig Road, LIDCOMBE NSW 2141
  description: Excavation, piling and shoring to create three basement levels and
    to construct footings, pile caps and lift shafts for a future building.
  info_url: https://onlineservices.parracity.nsw.gov.au/ePathway/Prod/Web/GeneralEnquiry/EnquiryLists.aspx?ModuleCode=LAP
  date_scraped: '2019-05-15'
  date_received: '2021-01-14'
- council_reference: DA/347/2020/A
  address: 19 Harley Crescent, EASTWOOD NSW 2122
  description: Section 4.55(2) modification of DA/347/2020 for the construction of
    an attached secondary dwelling. The modification includes the removal of 1 window
    from, and the addition of 2 new windows to, the first floor of the existing main
    dwelling.
  info_url: https://onlineservices.parracity.nsw.gov.au/ePathway/Prod/Web/GeneralEnquiry/EnquiryLists.aspx?ModuleCode=LAP
  date_scraped: '2019-05-15'
  date_received: '2021-01-18'
- council_reference: DA/35/2021
  address: 100 Junction Road, WINSTON HILLS NSW 2153
  description: Alterations to the existing dwelling.
  info_url: https://onlineservices.parracity.nsw.gov.au/ePathway/Prod/Web/GeneralEnquiry/EnquiryLists.aspx?ModuleCode=LAP
  date_scraped: '2019-05-15'
  date_received: '2021-01-14'
- council_reference: DA/36/2021
  address: 225 Windsor Road, NORTHMEAD NSW 2152
  description: Extension of hours for existing McDonald's premises to 24 hours, 7
    days a week.
  info_url: https://onlineservices.parracity.nsw.gov.au/ePathway/Prod/Web/GeneralEnquiry/EnquiryLists.aspx?ModuleCode=LAP
  date_scraped: '2019-05-15'
  date_received: '2021-01-14'
- council_reference: DA/363/2018/A
  address: 1 Hainsworth Street, WESTMEAD NSW 2145
  description: |-
    Section 4.55(1A) modification of DA/363/2018 for subdivision of Cumberland Hospital site into Two (2) Torrens title lots. The subject site is listed on the State Heritage Register. The application is Integrated development as approval is sought under the Heritage Act 1977.
    The modification includes minor changes to the line of subdivision to suit on-site landscaping.
  info_url: https://onlineservices.parracity.nsw.gov.au/ePathway/Prod/Web/GeneralEnquiry/EnquiryLists.aspx?ModuleCode=LAP
  date_scraped: '2019-05-15'
  date_received: '2021-01-15'
- council_reference: DA/37/2021
  address: 26 York Street, EPPING NSW 2121
  description: Demolition, lot consolidation of 26 & 26A York Street and Torrens Title
    subdivision to create four lots.
  info_url: https://onlineservices.parracity.nsw.gov.au/ePathway/Prod/Web/GeneralEnquiry/EnquiryLists.aspx?ModuleCode=LAP
  date_scraped: '2019-05-15'
  date_received: '2021-01-15'
- council_reference: DA/38/2021
  address: 18 Fennell Street, PARRAMATTA NSW 2150
  description: Alterations and additions to convert an existing heritage listed building
    to establish a boarding house with a total of 9 rooms and 1 x onsite car space.
  info_url: https://onlineservices.parracity.nsw.gov.au/ePathway/Prod/Web/GeneralEnquiry/EnquiryLists.aspx?ModuleCode=LAP
  date_scraped: '2019-05-15'
  date_received: '2021-01-15'
- council_reference: DA/39/2021
  address: 178 Murray Farm Road, BEECROFT NSW 2119
  description: Alterations and additions to the existing dwelling.
  info_url: https://onlineservices.parracity.nsw.gov.au/ePathway/Prod/Web/GeneralEnquiry/EnquiryLists.aspx?ModuleCode=LAP
  date_scraped: '2019-05-15'
  date_received: '2021-01-18'
- council_reference: DA/4/2021
  address: 186 Kissing Point Road, DUNDAS NSW 2117
  description: Proposed exhibition home, signage, car parking area and associated
    works.
  info_url: https://onlineservices.parracity.nsw.gov.au/ePathway/Prod/Web/GeneralEnquiry/EnquiryLists.aspx?ModuleCode=LAP
  date_scraped: '2019-05-15'
  date_received: '2021-01-07'
- council_reference: DA/40/2021
  address: 5 Third Avenue, EPPING NSW 2121
  description: Demolition of existing structures, tree removal and construction of
    an attached dual occupancy.
  info_url: https://onlineservices.parracity.nsw.gov.au/ePathway/Prod/Web/GeneralEnquiry/EnquiryLists.aspx?ModuleCode=LAP
  date_scraped: '2019-05-15'
  date_received: '2021-01-15'
- council_reference: DA/42/2021
  address: 55 Thomas Street, PARRAMATTA NSW 2150
  description: Demolition of existing structures, removal of five (5) trees, lot consolidation
    and construction of a part 4 and part 5 storey residential flat building comprising
    of nineteen (19) units with rooftop terrace, basement level parking for twenty-two
    (22) vehicles and associated landscaping works.
  info_url: https://onlineservices.parracity.nsw.gov.au/ePathway/Prod/Web/GeneralEnquiry/EnquiryLists.aspx?ModuleCode=LAP
  date_scraped: '2019-05-15'
  date_received: '2021-01-19'
- council_reference: DA/43/2021
  address: 126 Church Street, PARRAMATTA NSW 2150
  description: Change of use to a business premises for a 92 student vocational college
    and associated fitout.
  info_url: https://onlineservices.parracity.nsw.gov.au/ePathway/Prod/Web/GeneralEnquiry/EnquiryLists.aspx?ModuleCode=LAP
  date_scraped: '2019-05-15'
  date_received: '2021-01-15'
- council_reference: DA/44/2021
  address: 292 Church Street, PARRAMATTA NSW 2150
  description: Fitout and use of the existing  building as a gym with associated signage.
    The site is identified as a local heritage item (I672) pursuant to Clause 5.10
    of Parramatta Local Environmental Plan 2011.
  info_url: https://onlineservices.parracity.nsw.gov.au/ePathway/Prod/Web/GeneralEnquiry/EnquiryLists.aspx?ModuleCode=LAP
  date_scraped: '2019-05-15'
  date_received: '2021-01-19'
- council_reference: DA/45/2021
  address: 31 Chester Street, EPPING NSW 2121
  description: Demolition of existing structures and construction of a new two storey
    dwelling.
  info_url: https://onlineservices.parracity.nsw.gov.au/ePathway/Prod/Web/GeneralEnquiry/EnquiryLists.aspx?ModuleCode=LAP
  date_scraped: '2019-05-15'
  date_received: '2021-01-19'
- council_reference: DA/450/2020/A
  address: 12 Reuben Street, WINSTON HILLS NSW 2153
  description: Section 4.55(1) modification of DA/450/2020 for a garage and first
    floor addition and internal alterations to an existing residential dwelling.  The
    modification is for obtaining engineering conditions in order to receive a Construction
    Certificate.
  info_url: https://onlineservices.parracity.nsw.gov.au/ePathway/Prod/Web/GeneralEnquiry/EnquiryLists.aspx?ModuleCode=LAP
  date_scraped: '2019-05-15'
  date_received: '2021-01-11'
- council_reference: DA/46/2021
  address: 8 Asquith Street, SILVERWATER NSW 2128
  description: Demolition of existing structures, tree removal and the construction
    of a multi-dwelling housing development consisting of 13 dwellings with basement
    parking for 19 cars.
  info_url: https://onlineservices.parracity.nsw.gov.au/ePathway/Prod/Web/GeneralEnquiry/EnquiryLists.aspx?ModuleCode=LAP
  date_scraped: '2019-05-15'
  date_received: '2021-01-20'
- council_reference: DA/47/2018/I
  address: 10 Darcy Street, PARRAMATTA NSW 2150
  description: |-
    Section 4.55(1A) Modification to the appoved commercial towers seeking revised locations of the upper ground floor to podium level 1 stairs; increase the extent of retail tenancy 6.01by 22sq.m; deletion of the two north western revolving doors on the lower ground floor and
    the deletion of condition 170.
  info_url: https://onlineservices.parracity.nsw.gov.au/ePathway/Prod/Web/GeneralEnquiry/EnquiryLists.aspx?ModuleCode=LAP
  date_scraped: '2019-05-15'
  date_received: '2021-01-12'
- council_reference: DA/47/2021
  address: 3 Melrose Street, EPPING NSW 2121
  description: Demolition of the existing dwelling and Torrens Title Subdivision of
    1 lot into 2 lots.
  info_url: https://onlineservices.parracity.nsw.gov.au/ePathway/Prod/Web/GeneralEnquiry/EnquiryLists.aspx?ModuleCode=LAP
  date_scraped: '2019-05-15'
  date_received: '2021-01-20'
- council_reference: DA/48/2021
  address: 13 South Street, RYDALMERE NSW 2116
  description: Installation of external signage and exhaust stack and a change of
    operational hours.
  info_url: https://onlineservices.parracity.nsw.gov.au/ePathway/Prod/Web/GeneralEnquiry/EnquiryLists.aspx?ModuleCode=LAP
  date_scraped: '2019-05-15'
  date_received: '2021-01-21'
- council_reference: DA/480/2018/L
  address: 180 George Street, PARRAMATTA NSW 2150
  description: Section 4.55(1A) modification to the approved mixed use towers seeking
    various changes to the internal room alignment within the podium and changes to
    the unit mix on the penthouse level of the southern tower.
  info_url: https://onlineservices.parracity.nsw.gov.au/ePathway/Prod/Web/GeneralEnquiry/EnquiryLists.aspx?ModuleCode=LAP
  date_scraped: '2019-05-15'
  date_received: '2021-01-11'
- council_reference: DA/489/2016/A
  address: 11 Neil Street, EPPING NSW 2121
  description: Section 4.55(1A) modification of DA/489/2016 for demolition, tree removal,
    and construction of a two storey attached dual occupancy with Torrens title subdivision.  The
    modification includes internal room rearrangement and external wall adjustments
    to suit new window locations and internal layout.
  info_url: https://onlineservices.parracity.nsw.gov.au/ePathway/Prod/Web/GeneralEnquiry/EnquiryLists.aspx?ModuleCode=LAP
  date_scraped: '2019-05-15'
  date_received: '2020-12-26'
- council_reference: DA/49/2021
  address: 15 High Street, EPPING NSW 2121
  description: Demolition, tree removal and construction of a 75 place centre based
    child care centre with basement parking.
  info_url: https://onlineservices.parracity.nsw.gov.au/ePathway/Prod/Web/GeneralEnquiry/EnquiryLists.aspx?ModuleCode=LAP
  date_scraped: '2019-05-15'
  date_received: '2020-12-24'
- council_reference: DA/5/2021
  address: 128 Marsden Street, PARRAMATTA NSW 2150
  description: Alterations and additions to existing commercial building including
    extension of the ground floor, alterations to levels 1, 2 and 3, provision of
    new awnings, facade changes and signage, and reduction in total number of car
    parking spaces on the site.
  info_url: https://onlineservices.parracity.nsw.gov.au/ePathway/Prod/Web/GeneralEnquiry/EnquiryLists.aspx?ModuleCode=LAP
  date_scraped: '2019-05-15'
  date_received: '2021-01-07'
- council_reference: DA/552/2019/A
  address: 218 Marsden Road, CARLINGFORD NSW 2118
  description: |-
    Section 4.55(1A) modification of DA/552/2019 for the demolition of existing structures, tree removal and construction of a two storey attached dual occupancy with associated Torrens title subdivision.
    The modification seeks the removal of 2 trees at the rear of the site to facilitate stormwater works as outlined in Schedule 1 (2) of the deferred commencement consent.
  info_url: https://onlineservices.parracity.nsw.gov.au/ePathway/Prod/Web/GeneralEnquiry/EnquiryLists.aspx?ModuleCode=LAP
  date_scraped: '2019-05-15'
  date_received: '2020-12-26'
- council_reference: DA/6/2021
  address: 33 Plymouth Avenue, NORTH ROCKS NSW 2151
  description: Proposed dwelling house and associated works.
  info_url: https://onlineservices.parracity.nsw.gov.au/ePathway/Prod/Web/GeneralEnquiry/EnquiryLists.aspx?ModuleCode=LAP
  date_scraped: '2019-05-15'
  date_received: '2021-01-07'
- council_reference: DA/669/2017/A
  address: 1 Dunmore Avenue, CARLINGFORD NSW 2118
  description: |-
    Section 4.55(1A) modification of DA/669/2017 for demolition works, removal of seven (7) trees and construction of a multi-dwelling housing development comprising four (4) x 2-storey townhouses with two new driveways.
    The modification includes amendments to conditions 92 & 93 to remove thereference to Strata subdivision.
  info_url: https://onlineservices.parracity.nsw.gov.au/ePathway/Prod/Web/GeneralEnquiry/EnquiryLists.aspx?ModuleCode=LAP
  date_scraped: '2019-05-15'
  date_received: '2021-01-11'
- council_reference: DA/7/2021
  address: 10 Bethel Street, TOONGABBIE NSW 2146
  description: Demolition of existing shed and proposed construction of a garage and
    gazebo to the rear of the existing dwelling.
  info_url: https://onlineservices.parracity.nsw.gov.au/ePathway/Prod/Web/GeneralEnquiry/EnquiryLists.aspx?ModuleCode=LAP
  date_scraped: '2019-05-15'
  date_received: '2021-01-08'
- council_reference: DA/711/2016/A
  address: 10 Gloucester Road, EPPING NSW 2121
  description: Section 4.55(1a) modification for the approved DA/711/2016 for the
    alterations and additions to a dwelling house. Modifications include an increase
    to the side setback, changes to windows, changes to the carport, minor internal
    alterations and omission of rear outdoor steps.
  info_url: https://onlineservices.parracity.nsw.gov.au/ePathway/Prod/Web/GeneralEnquiry/EnquiryLists.aspx?ModuleCode=LAP
  date_scraped: '2019-05-15'
  date_received: '2021-01-07'
- council_reference: DA/795/2020
  address: 113 Railway Street, WENTWORTHVILLE NSW 2145
  description: Construction of a detached dwelling to create a dual occupancy, minor
    modifications to the existing swimming pool, and Torrens Title subdivision to
    create 2 lots.
  info_url: https://onlineservices.parracity.nsw.gov.au/ePathway/Prod/Web/GeneralEnquiry/EnquiryLists.aspx?ModuleCode=LAP
  date_scraped: '2019-05-15'
  date_received: '2020-12-23'
- council_reference: DA/797/2020
  address: 3 Cooper Avenue, NEWINGTON NSW 2127
  description: Alterations and additions to the existing dwelling.
  info_url: https://onlineservices.parracity.nsw.gov.au/ePathway/Prod/Web/GeneralEnquiry/EnquiryLists.aspx?ModuleCode=LAP
  date_scraped: '2019-05-15'
  date_received: '2020-12-23'
- council_reference: DA/798/2020
  address: 146 Pennant Street, NORTH PARRAMATTA NSW 2151
  description: Minor internal alterations and use of the premises (Unit 2) for the
    purpose of a tattoo parlour (business premises).
  info_url: https://onlineservices.parracity.nsw.gov.au/ePathway/Prod/Web/GeneralEnquiry/EnquiryLists.aspx?ModuleCode=LAP
  date_scraped: '2019-05-15'
  date_received: '2020-12-24'
- council_reference: DA/8/2021
  address: 2 Central Avenue, EASTWOOD NSW 2122
  description: Demolition, tree removal, construction of a secondary dwelling, outbuilding,
    alterations and additions to the existing dwelling within a Heritage Conservation
    Area.
  info_url: https://onlineservices.parracity.nsw.gov.au/ePathway/Prod/Web/GeneralEnquiry/EnquiryLists.aspx?ModuleCode=LAP
  date_scraped: '2019-05-15'
  date_received: '2021-01-07'
- council_reference: DA/88/2020/A
  address: 23 Asquith Street, SILVERWATER NSW 2128
  description: |-
    Section 4.55(1A) modification of DA/88/2020 for the demolition of existing structures, construction of a two (2) storey dual occupancy development with basement parking and associated Strata subdivision into 2 allotments.
    The modification includes changes to condition 37 to allow the stormwater to drain to the curb instead of installing a 375mm drainage pipe to drain to the nearest pit.
  info_url: https://onlineservices.parracity.nsw.gov.au/ePathway/Prod/Web/GeneralEnquiry/EnquiryLists.aspx?ModuleCode=LAP
  date_scraped: '2019-05-15'
  date_received: '2021-01-19'
- council_reference: DA/9/2021
  address: 71 Edison Parade, WINSTON HILLS NSW 2153
  description: Excavation of driveway and construction of a double garage with associated
    landscaping.
  info_url: https://onlineservices.parracity.nsw.gov.au/ePathway/Prod/Web/GeneralEnquiry/EnquiryLists.aspx?ModuleCode=LAP
  date_scraped: '2019-05-15'
  date_received: '2021-01-08'
